
Running 1 test using 1 worker

[1A[2K[1/1] [chromium] ΓÇ║ e2e\referrer.spec.ts:11:5 ΓÇ║ setup: create referrer test user via admin
[1A[2K  1 passed (32.0s)

To open last HTML report run:
[36m[39m
[36m  npx playwright show-report[39m
[36m[39m
